---
source: elem/src/reconcile.rs
expression: instructions
---
[
  [
    3,
    -707344183,
    "value",
    6.283185307179586
  ],
  [
    3,
    531638123,
    "key",
    "v1"
  ],
  [
    3,
    531638123,
    "value",
    110.0
  ],
  [
    3,
    611494733,
    "key",
    "v2"
  ],
  [
    3,
    611494733,
    "value",
    111.0
  ],
  [
    4,
    [
      -210358393
    ]
  ],
  [
    5
  ]
]
