---
source: elem/src/reconcile.rs
expression: instructions
---
[
  [
    0,
    186452590,
    "root"
  ],
  [
    0,
    -173258319,
    "phasor"
  ],
  [
    0,
    -93964182,
    "const"
  ],
  [
    2,
    186452590,
    -173258319,
    0
  ],
  [
    3,
    186452590,
    "channel",
    0.0
  ],
  [
    2,
    -173258319,
    -93964182,
    0
  ],
  [
    3,
    -93964182,
    "key",
    null
  ],
  [
    3,
    -93964182,
    "value",
    110.0
  ],
  [
    4,
    [
      186452590
    ]
  ],
  [
    5
  ]
]
