---
source: elem/src/reconcile.rs
expression: instructions
---
[
  [
    0,
    -282838988,
    "sample"
  ],
  [
    0,
    126954952,
    "sample"
  ],
  [
    0,
    -1343240282,
    "le"
  ],
  [
    0,
    1712970014,
    "phasor"
  ],
  [
    0,
    -1528352123,
    "const"
  ],
  [
    0,
    683813171,
    "const"
  ],
  [
    2,
    -282838988,
    -1343240282,
    0
  ],
  [
    3,
    -282838988,
    "key",
    null
  ],
  [
    3,
    -282838988,
    "path",
    "test.wav"
  ],
  [
    2,
    126954952,
    -1343240282,
    0
  ],
  [
    3,
    126954952,
    "key",
    null
  ],
  [
    3,
    126954952,
    "path",
    "test2.wav"
  ],
  [
    2,
    -1343240282,
    1712970014,
    0
  ],
  [
    2,
    -1343240282,
    -1528352123,
    0
  ],
  [
    2,
    1712970014,
    683813171,
    0
  ],
  [
    3,
    -1528352123,
    "key",
    null
  ],
  [
    3,
    -1528352123,
    "value",
    0.5
  ],
  [
    3,
    683813171,
    "key",
    null
  ],
  [
    3,
    683813171,
    "value",
    1.0
  ],
  [
    4,
    [
      -282838988,
      126954952
    ]
  ],
  [
    5
  ]
]
