---
source: elem/src/reconcile.rs
expression: instructions
---
[
  [
    0,
    808318386,
    "root"
  ],
  [
    0,
    -1969508621,
    "phasor"
  ],
  [
    0,
    1659169932,
    "const"
  ],
  [
    2,
    808318386,
    -1969508621,
    0
  ],
  [
    3,
    808318386,
    "channel",
    0.0
  ],
  [
    2,
    -1969508621,
    1659169932,
    0
  ],
  [
    3,
    1659169932,
    "value",
    110.0
  ],
  [
    4,
    [
      808318386
    ]
  ],
  [
    5
  ]
]
